Copyright 1986-2019 Xilinx, Inc. All Rights Reserved.
---------------------------------------------------------------------------------------------------------------------------
| Tool Version : Vivado v.2019.2 (win64) Build 2708876 Wed Nov  6 21:40:23 MST 2019
| Date         : Thu Jul  3 22:47:28 2025
| Host         : xiaochou running 64-bit major release  (build 9200)
| Command      : report_drc -file soc_lite_top_drc_opted.rpt -pb soc_lite_top_drc_opted.pb -rpx soc_lite_top_drc_opted.rpx
| Design       : soc_lite_top
| Device       : xc7a200tfbg676-1
| Speed File   : -1
| Design State : Synthesized
---------------------------------------------------------------------------------------------------------------------------

Report DRC

Table of Contents
-----------------
1. REPORT SUMMARY
2. REPORT DETAILS

1. REPORT SUMMARY
-----------------
            Netlist: netlist
          Floorplan: design_1
      Design limits: <entire design considered>
           Ruledeck: default
             Max violations: <unlimited>
             Violations found: 30
+----------+------------------+-----------------------------------------------------+------------+
| Rule     | Severity         | Description                                         | Violations |
+----------+------------------+-----------------------------------------------------+------------+
| LUTLP-1  | Critical Warning | Combinatorial Loop Alert                            | 29         |
| CFGBVS-1 | Warning          | Missing CFGBVS and CONFIG_VOLTAGE Design Properties | 1          |
+----------+------------------+-----------------------------------------------------+------------+

2. REPORT DETAILS
-----------------
LUTLP-1#1 Critical Warning
Combinatorial Loop Alert  
2 LUT cells form a combinatorial loop. This can create a race condition. Timing analysis may not be accurate. The preferred resolution is to modify the design to remove combinatorial logic loops. If the loop is known and understood, this DRC can be bypassed by acknowledging the condition and setting the following XDC constraint on any one of the nets in the loop: 'set_property ALLOW_COMBINATORIAL_LOOPS TRUE [get_nets <myHier/myNet>]'. One net in the loop is cpu/u_regfile/cpu_data_addr[3]. Please evaluate your design. The cells in the loop are: cpu/u_regfile/data_ram_i_12, cpu/u_regfile/data_ram_i_33.
Related violations: <none>

LUTLP-1#2 Critical Warning
Combinatorial Loop Alert  
2 LUT cells form a combinatorial loop. This can create a race condition. Timing analysis may not be accurate. The preferred resolution is to modify the design to remove combinatorial logic loops. If the loop is known and understood, this DRC can be bypassed by acknowledging the condition and setting the following XDC constraint on any one of the nets in the loop: 'set_property ALLOW_COMBINATORIAL_LOOPS TRUE [get_nets <myHier/myNet>]'. One net in the loop is cpu/u_regfile/data_ram_i_15_n_0. Please evaluate your design. The cells in the loop are: cpu/u_regfile/data_ram_i_2, cpu/u_regfile/data_ram_i_15.
Related violations: <none>

LUTLP-1#3 Critical Warning
Combinatorial Loop Alert  
2 LUT cells form a combinatorial loop. This can create a race condition. Timing analysis may not be accurate. The preferred resolution is to modify the design to remove combinatorial logic loops. If the loop is known and understood, this DRC can be bypassed by acknowledging the condition and setting the following XDC constraint on any one of the nets in the loop: 'set_property ALLOW_COMBINATORIAL_LOOPS TRUE [get_nets <myHier/myNet>]'. One net in the loop is cpu/u_regfile/data_ram_i_17_n_0. Please evaluate your design. The cells in the loop are: cpu/u_regfile/data_ram_i_3, cpu/u_regfile/data_ram_i_17.
Related violations: <none>

LUTLP-1#4 Critical Warning
Combinatorial Loop Alert  
2 LUT cells form a combinatorial loop. This can create a race condition. Timing analysis may not be accurate. The preferred resolution is to modify the design to remove combinatorial logic loops. If the loop is known and understood, this DRC can be bypassed by acknowledging the condition and setting the following XDC constraint on any one of the nets in the loop: 'set_property ALLOW_COMBINATORIAL_LOOPS TRUE [get_nets <myHier/myNet>]'. One net in the loop is cpu/u_regfile/data_ram_i_32_0. Please evaluate your design. The cells in the loop are: cpu/u_regfile/data_ram_i_10, cpu/u_regfile/data_ram_i_32.
Related violations: <none>

LUTLP-1#5 Critical Warning
Combinatorial Loop Alert  
2 LUT cells form a combinatorial loop. This can create a race condition. Timing analysis may not be accurate. The preferred resolution is to modify the design to remove combinatorial logic loops. If the loop is known and understood, this DRC can be bypassed by acknowledging the condition and setting the following XDC constraint on any one of the nets in the loop: 'set_property ALLOW_COMBINATORIAL_LOOPS TRUE [get_nets <myHier/myNet>]'. One net in the loop is cpu/u_regfile/led_data[15]_i_10_n_0. Please evaluate your design. The cells in the loop are: cpu/u_regfile/led_data[15]_i_8, cpu/u_regfile/led_data[15]_i_10.
Related violations: <none>

LUTLP-1#6 Critical Warning
Combinatorial Loop Alert  
2 LUT cells form a combinatorial loop. This can create a race condition. Timing analysis may not be accurate. The preferred resolution is to modify the design to remove combinatorial logic loops. If the loop is known and understood, this DRC can be bypassed by acknowledging the condition and setting the following XDC constraint on any one of the nets in the loop: 'set_property ALLOW_COMBINATORIAL_LOOPS TRUE [get_nets <myHier/myNet>]'. One net in the loop is cpu/u_regfile/led_data[15]_i_14_n_0. Please evaluate your design. The cells in the loop are: cpu/u_regfile/led_data[15]_i_9, cpu/u_regfile/led_data[15]_i_14.
Related violations: <none>

LUTLP-1#7 Critical Warning
Combinatorial Loop Alert  
2 LUT cells form a combinatorial loop. This can create a race condition. Timing analysis may not be accurate. The preferred resolution is to modify the design to remove combinatorial logic loops. If the loop is known and understood, this DRC can be bypassed by acknowledging the condition and setting the following XDC constraint on any one of the nets in the loop: 'set_property ALLOW_COMBINATORIAL_LOOPS TRUE [get_nets <myHier/myNet>]'. One net in the loop is cpu/u_regfile/led_rg0_data[1]_i_4_n_0. Please evaluate your design. The cells in the loop are: cpu/u_regfile/led_rg0_data[1]_i_4, cpu/u_regfile/led_rg0_data[1]_i_6.
Related violations: <none>

LUTLP-1#8 Critical Warning
Combinatorial Loop Alert  
2 LUT cells form a combinatorial loop. This can create a race condition. Timing analysis may not be accurate. The preferred resolution is to modify the design to remove combinatorial logic loops. If the loop is known and understood, this DRC can be bypassed by acknowledging the condition and setting the following XDC constraint on any one of the nets in the loop: 'set_property ALLOW_COMBINATORIAL_LOOPS TRUE [get_nets <myHier/myNet>]'. One net in the loop is cpu/u_regfile/rf_reg_r1_0_31_0_5_i_103_n_0. Please evaluate your design. The cells in the loop are: cpu/u_regfile/rf_reg_r1_0_31_0_5_i_43, cpu/u_regfile/rf_reg_r1_0_31_0_5_i_103.
Related violations: <none>

LUTLP-1#9 Critical Warning
Combinatorial Loop Alert  
2 LUT cells form a combinatorial loop. This can create a race condition. Timing analysis may not be accurate. The preferred resolution is to modify the design to remove combinatorial logic loops. If the loop is known and understood, this DRC can be bypassed by acknowledging the condition and setting the following XDC constraint on any one of the nets in the loop: 'set_property ALLOW_COMBINATORIAL_LOOPS TRUE [get_nets <myHier/myNet>]'. One net in the loop is cpu/u_regfile/rf_reg_r1_0_31_0_5_i_104_n_0. Please evaluate your design. The cells in the loop are: cpu/u_regfile/rf_reg_r1_0_31_0_5_i_44, cpu/u_regfile/rf_reg_r1_0_31_0_5_i_104.
Related violations: <none>

LUTLP-1#10 Critical Warning
Combinatorial Loop Alert  
2 LUT cells form a combinatorial loop. This can create a race condition. Timing analysis may not be accurate. The preferred resolution is to modify the design to remove combinatorial logic loops. If the loop is known and understood, this DRC can be bypassed by acknowledging the condition and setting the following XDC constraint on any one of the nets in the loop: 'set_property ALLOW_COMBINATORIAL_LOOPS TRUE [get_nets <myHier/myNet>]'. One net in the loop is cpu/u_regfile/rf_reg_r1_0_31_0_5_i_107_n_0. Please evaluate your design. The cells in the loop are: cpu/u_regfile/rf_reg_r1_0_31_0_5_i_45, cpu/u_regfile/rf_reg_r1_0_31_0_5_i_107.
Related violations: <none>

LUTLP-1#11 Critical Warning
Combinatorial Loop Alert  
2 LUT cells form a combinatorial loop. This can create a race condition. Timing analysis may not be accurate. The preferred resolution is to modify the design to remove combinatorial logic loops. If the loop is known and understood, this DRC can be bypassed by acknowledging the condition and setting the following XDC constraint on any one of the nets in the loop: 'set_property ALLOW_COMBINATORIAL_LOOPS TRUE [get_nets <myHier/myNet>]'. One net in the loop is cpu/u_regfile/rf_reg_r1_0_31_0_5_i_109_n_0. Please evaluate your design. The cells in the loop are: cpu/u_regfile/rf_reg_r1_0_31_0_5_i_46, cpu/u_regfile/rf_reg_r1_0_31_0_5_i_109.
Related violations: <none>

LUTLP-1#12 Critical Warning
Combinatorial Loop Alert  
2 LUT cells form a combinatorial loop. This can create a race condition. Timing analysis may not be accurate. The preferred resolution is to modify the design to remove combinatorial logic loops. If the loop is known and understood, this DRC can be bypassed by acknowledging the condition and setting the following XDC constraint on any one of the nets in the loop: 'set_property ALLOW_COMBINATORIAL_LOOPS TRUE [get_nets <myHier/myNet>]'. One net in the loop is cpu/u_regfile/rf_reg_r1_0_31_0_5_i_12_n_0. Please evaluate your design. The cells in the loop are: cpu/u_regfile/rf_reg_r1_0_31_0_5_i_12, cpu/u_regfile/rf_reg_r1_0_31_0_5_i_28.
Related violations: <none>

LUTLP-1#13 Critical Warning
Combinatorial Loop Alert  
2 LUT cells form a combinatorial loop. This can create a race condition. Timing analysis may not be accurate. The preferred resolution is to modify the design to remove combinatorial logic loops. If the loop is known and understood, this DRC can be bypassed by acknowledging the condition and setting the following XDC constraint on any one of the nets in the loop: 'set_property ALLOW_COMBINATORIAL_LOOPS TRUE [get_nets <myHier/myNet>]'. One net in the loop is cpu/u_regfile/rf_reg_r1_0_31_0_5_i_16_n_0. Please evaluate your design. The cells in the loop are: cpu/u_regfile/rf_reg_r1_0_31_0_5_i_16, cpu/u_regfile/rf_reg_r1_0_31_0_5_i_34.
Related violations: <none>

LUTLP-1#14 Critical Warning
Combinatorial Loop Alert  
2 LUT cells form a combinatorial loop. This can create a race condition. Timing analysis may not be accurate. The preferred resolution is to modify the design to remove combinatorial logic loops. If the loop is known and understood, this DRC can be bypassed by acknowledging the condition and setting the following XDC constraint on any one of the nets in the loop: 'set_property ALLOW_COMBINATORIAL_LOOPS TRUE [get_nets <myHier/myNet>]'. One net in the loop is cpu/u_regfile/rf_reg_r1_0_31_0_5_i_19_n_0. Please evaluate your design. The cells in the loop are: cpu/u_regfile/rf_reg_r1_0_31_0_5_i_19, cpu/u_regfile/rf_reg_r1_0_31_0_5_i_47.
Related violations: <none>

LUTLP-1#15 Critical Warning
Combinatorial Loop Alert  
2 LUT cells form a combinatorial loop. This can create a race condition. Timing analysis may not be accurate. The preferred resolution is to modify the design to remove combinatorial logic loops. If the loop is known and understood, this DRC can be bypassed by acknowledging the condition and setting the following XDC constraint on any one of the nets in the loop: 'set_property ALLOW_COMBINATORIAL_LOOPS TRUE [get_nets <myHier/myNet>]'. One net in the loop is cpu/u_regfile/rf_reg_r1_0_31_0_5_i_20_n_0. Please evaluate your design. The cells in the loop are: cpu/u_regfile/rf_reg_r1_0_31_0_5_i_20, cpu/u_regfile/rf_reg_r1_0_31_0_5_i_51.
Related violations: <none>

LUTLP-1#16 Critical Warning
Combinatorial Loop Alert  
2 LUT cells form a combinatorial loop. This can create a race condition. Timing analysis may not be accurate. The preferred resolution is to modify the design to remove combinatorial logic loops. If the loop is known and understood, this DRC can be bypassed by acknowledging the condition and setting the following XDC constraint on any one of the nets in the loop: 'set_property ALLOW_COMBINATORIAL_LOOPS TRUE [get_nets <myHier/myNet>]'. One net in the loop is cpu/u_regfile/rf_reg_r1_0_31_0_5_i_21_n_0. Please evaluate your design. The cells in the loop are: cpu/u_regfile/rf_reg_r1_0_31_0_5_i_21, cpu/u_regfile/rf_reg_r1_0_31_0_5_i_55.
Related violations: <none>

LUTLP-1#17 Critical Warning
Combinatorial Loop Alert  
2 LUT cells form a combinatorial loop. This can create a race condition. Timing analysis may not be accurate. The preferred resolution is to modify the design to remove combinatorial logic loops. If the loop is known and understood, this DRC can be bypassed by acknowledging the condition and setting the following XDC constraint on any one of the nets in the loop: 'set_property ALLOW_COMBINATORIAL_LOOPS TRUE [get_nets <myHier/myNet>]'. One net in the loop is cpu/u_regfile/rf_reg_r1_0_31_0_5_i_37_n_0. Please evaluate your design. The cells in the loop are: cpu/u_regfile/rf_reg_r1_0_31_0_5_i_37, cpu/u_regfile/rf_reg_r1_0_31_0_5_i_81.
Related violations: <none>

LUTLP-1#18 Critical Warning
Combinatorial Loop Alert  
2 LUT cells form a combinatorial loop. This can create a race condition. Timing analysis may not be accurate. The preferred resolution is to modify the design to remove combinatorial logic loops. If the loop is known and understood, this DRC can be bypassed by acknowledging the condition and setting the following XDC constraint on any one of the nets in the loop: 'set_property ALLOW_COMBINATORIAL_LOOPS TRUE [get_nets <myHier/myNet>]'. One net in the loop is cpu/u_regfile/rf_reg_r1_0_31_0_5_i_39_n_0. Please evaluate your design. The cells in the loop are: cpu/u_regfile/rf_reg_r1_0_31_0_5_i_39, cpu/u_regfile/rf_reg_r1_0_31_0_5_i_87.
Related violations: <none>

LUTLP-1#19 Critical Warning
Combinatorial Loop Alert  
2 LUT cells form a combinatorial loop. This can create a race condition. Timing analysis may not be accurate. The preferred resolution is to modify the design to remove combinatorial logic loops. If the loop is known and understood, this DRC can be bypassed by acknowledging the condition and setting the following XDC constraint on any one of the nets in the loop: 'set_property ALLOW_COMBINATORIAL_LOOPS TRUE [get_nets <myHier/myNet>]'. One net in the loop is cpu/u_regfile/rf_reg_r1_0_31_0_5_i_40_n_0. Please evaluate your design. The cells in the loop are: cpu/u_regfile/rf_reg_r1_0_31_0_5_i_40, cpu/u_regfile/rf_reg_r1_0_31_0_5_i_91.
Related violations: <none>

LUTLP-1#20 Critical Warning
Combinatorial Loop Alert  
2 LUT cells form a combinatorial loop. This can create a race condition. Timing analysis may not be accurate. The preferred resolution is to modify the design to remove combinatorial logic loops. If the loop is known and understood, this DRC can be bypassed by acknowledging the condition and setting the following XDC constraint on any one of the nets in the loop: 'set_property ALLOW_COMBINATORIAL_LOOPS TRUE [get_nets <myHier/myNet>]'. One net in the loop is cpu/u_regfile/rf_reg_r1_0_31_0_5_i_41_n_0. Please evaluate your design. The cells in the loop are: cpu/u_regfile/rf_reg_r1_0_31_0_5_i_41, cpu/u_regfile/rf_reg_r1_0_31_0_5_i_95.
Related violations: <none>

LUTLP-1#21 Critical Warning
Combinatorial Loop Alert  
2 LUT cells form a combinatorial loop. This can create a race condition. Timing analysis may not be accurate. The preferred resolution is to modify the design to remove combinatorial logic loops. If the loop is known and understood, this DRC can be bypassed by acknowledging the condition and setting the following XDC constraint on any one of the nets in the loop: 'set_property ALLOW_COMBINATORIAL_LOOPS TRUE [get_nets <myHier/myNet>]'. One net in the loop is cpu/u_regfile/rf_reg_r1_0_31_0_5_i_42_n_0. Please evaluate your design. The cells in the loop are: cpu/u_regfile/rf_reg_r1_0_31_0_5_i_42, cpu/u_regfile/rf_reg_r1_0_31_0_5_i_99.
Related violations: <none>

LUTLP-1#22 Critical Warning
Combinatorial Loop Alert  
3 LUT cells form a combinatorial loop. This can create a race condition. Timing analysis may not be accurate. The preferred resolution is to modify the design to remove combinatorial logic loops. If the loop is known and understood, this DRC can be bypassed by acknowledging the condition and setting the following XDC constraint on any one of the nets in the loop: 'set_property ALLOW_COMBINATORIAL_LOOPS TRUE [get_nets <myHier/myNet>]'. One net in the loop is cpu/u_regfile/cpu_data_addr[2]. Please evaluate your design. The cells in the loop are: cpu/u_regfile/data_ram_i_20, cpu/u_regfile/data_ram_i_55, cpu/u_regfile/data_ram_i_92.
Related violations: <none>

LUTLP-1#23 Critical Warning
Combinatorial Loop Alert  
3 LUT cells form a combinatorial loop. This can create a race condition. Timing analysis may not be accurate. The preferred resolution is to modify the design to remove combinatorial logic loops. If the loop is known and understood, this DRC can be bypassed by acknowledging the condition and setting the following XDC constraint on any one of the nets in the loop: 'set_property ALLOW_COMBINATORIAL_LOOPS TRUE [get_nets <myHier/myNet>]'. One net in the loop is cpu/u_regfile/data_ram_i_25_n_0. Please evaluate your design. The cells in the loop are: cpu/u_regfile/data_ram_i_5, cpu/u_regfile/data_ram_i_25, cpu/u_regfile/data_ram_i_70.
Related violations: <none>

LUTLP-1#24 Critical Warning
Combinatorial Loop Alert  
3 LUT cells form a combinatorial loop. This can create a race condition. Timing analysis may not be accurate. The preferred resolution is to modify the design to remove combinatorial logic loops. If the loop is known and understood, this DRC can be bypassed by acknowledging the condition and setting the following XDC constraint on any one of the nets in the loop: 'set_property ALLOW_COMBINATORIAL_LOOPS TRUE [get_nets <myHier/myNet>]'. One net in the loop is cpu/u_regfile/data_ram_i_27_n_0. Please evaluate your design. The cells in the loop are: cpu/u_regfile/data_ram_i_6, cpu/u_regfile/data_ram_i_27, cpu/u_regfile/data_ram_i_75.
Related violations: <none>

LUTLP-1#25 Critical Warning
Combinatorial Loop Alert  
3 LUT cells form a combinatorial loop. This can create a race condition. Timing analysis may not be accurate. The preferred resolution is to modify the design to remove combinatorial logic loops. If the loop is known and understood, this DRC can be bypassed by acknowledging the condition and setting the following XDC constraint on any one of the nets in the loop: 'set_property ALLOW_COMBINATORIAL_LOOPS TRUE [get_nets <myHier/myNet>]'. One net in the loop is cpu/u_regfile/data_ram_i_30_n_0. Please evaluate your design. The cells in the loop are: cpu/u_regfile/data_ram_i_9, cpu/u_regfile/data_ram_i_30, cpu/u_regfile/data_ram_i_80.
Related violations: <none>

LUTLP-1#26 Critical Warning
Combinatorial Loop Alert  
3 LUT cells form a combinatorial loop. This can create a race condition. Timing analysis may not be accurate. The preferred resolution is to modify the design to remove combinatorial logic loops. If the loop is known and understood, this DRC can be bypassed by acknowledging the condition and setting the following XDC constraint on any one of the nets in the loop: 'set_property ALLOW_COMBINATORIAL_LOOPS TRUE [get_nets <myHier/myNet>]'. One net in the loop is cpu/u_regfile/led_rg1_data[1]_i_11_n_0. Please evaluate your design. The cells in the loop are: cpu/u_regfile/led_rg1_data[1]_i_2, cpu/u_regfile/led_rg1_data[1]_i_7, cpu/u_regfile/led_rg1_data[1]_i_11.
Related violations: <none>

LUTLP-1#27 Critical Warning
Combinatorial Loop Alert  
3 LUT cells form a combinatorial loop. This can create a race condition. Timing analysis may not be accurate. The preferred resolution is to modify the design to remove combinatorial logic loops. If the loop is known and understood, this DRC can be bypassed by acknowledging the condition and setting the following XDC constraint on any one of the nets in the loop: 'set_property ALLOW_COMBINATORIAL_LOOPS TRUE [get_nets <myHier/myNet>]'. One net in the loop is cpu/u_regfile/led_rg1_data[1]_i_14_n_0. Please evaluate your design. The cells in the loop are: cpu/u_regfile/led_rg1_data[1]_i_3, cpu/u_regfile/led_rg1_data[1]_i_8, cpu/u_regfile/led_rg1_data[1]_i_14.
Related violations: <none>

LUTLP-1#28 Critical Warning
Combinatorial Loop Alert  
3 LUT cells form a combinatorial loop. This can create a race condition. Timing analysis may not be accurate. The preferred resolution is to modify the design to remove combinatorial logic loops. If the loop is known and understood, this DRC can be bypassed by acknowledging the condition and setting the following XDC constraint on any one of the nets in the loop: 'set_property ALLOW_COMBINATORIAL_LOOPS TRUE [get_nets <myHier/myNet>]'. One net in the loop is cpu/u_regfile/rf_reg_r1_0_31_0_5_i_138_n_0. Please evaluate your design. The cells in the loop are: cpu/u_regfile/rf_reg_r1_0_31_0_5_i_38, cpu/u_regfile/rf_reg_r1_0_31_0_5_i_86, cpu/u_regfile/rf_reg_r1_0_31_0_5_i_138.
Related violations: <none>

LUTLP-1#29 Critical Warning
Combinatorial Loop Alert  
3 LUT cells form a combinatorial loop. This can create a race condition. Timing analysis may not be accurate. The preferred resolution is to modify the design to remove combinatorial logic loops. If the loop is known and understood, this DRC can be bypassed by acknowledging the condition and setting the following XDC constraint on any one of the nets in the loop: 'set_property ALLOW_COMBINATORIAL_LOOPS TRUE [get_nets <myHier/myNet>]'. One net in the loop is cpu/u_regfile/rf_reg_r1_0_31_0_5_i_15_n_0. Please evaluate your design. The cells in the loop are: cpu/u_regfile/rf_reg_r1_0_31_0_5_i_15, cpu/u_regfile/rf_reg_r1_0_31_0_5_i_33, cpu/u_regfile/rf_reg_r1_0_31_0_5_i_78.
Related violations: <none>

CFGBVS-1#1 Warning
Missing CFGBVS and CONFIG_VOLTAGE Design Properties  
Neither the CFGBVS nor CONFIG_VOLTAGE voltage property is set in the current_design.  Configuration bank voltage select (CFGBVS) must be set to VCCO or GND, and CONFIG_VOLTAGE must be set to the correct configuration voltage, in order to determine the I/O voltage support for the pins in bank 0.  It is suggested to specify these either using the 'Edit Device Properties' function in the GUI or directly in the XDC file using the following syntax:

 set_property CFGBVS value1 [current_design]
 #where value1 is either VCCO or GND

 set_property CONFIG_VOLTAGE value2 [current_design]
 #where value2 is the voltage provided to configuration bank 0

Refer to the device configuration user guide for more information.
Related violations: <none>


