Copyright 1986-2019 Xilinx, Inc. All Rights Reserved.
-----------------------------------------------------------------------------------------
| Tool Version : Vivado v.2019.2 (win64) Build 2708876 Wed Nov  6 21:40:23 MST 2019
| Date         : Thu Jul  3 22:51:13 2025
| Host         : xiaochou running 64-bit major release  (build 9200)
| Command      : report_control_sets -verbose -file soc_lite_top_control_sets_placed.rpt
| Design       : soc_lite_top
| Device       : xc7a200t
-----------------------------------------------------------------------------------------

Control Set Information

Table of Contents
-----------------
1. Summary
2. Histogram
3. Flip-Flop Distribution
4. Detailed Control Set Information

1. Summary
----------

+----------------------------------------------------------+-------+
|                          Status                          | Count |
+----------------------------------------------------------+-------+
| Total control sets                                       |    18 |
|    Minimum number of control sets                        |    18 |
|    Addition due to synthesis replication                 |     0 |
|    Addition due to physical synthesis replication        |     0 |
| Unused register locations in slices containing registers |    51 |
+----------------------------------------------------------+-------+
* Control sets can be merged at opt_design using control_set_merge or merge_equivalent_drivers
** Run report_qor_suggestions for automated merging and remapping suggestions


2. Histogram
------------

+--------------------+-------+
|       Fanout       | Count |
+--------------------+-------+
| Total control sets |    18 |
| >= 0 to < 4        |     3 |
| >= 4 to < 6        |     5 |
| >= 6 to < 8        |     2 |
| >= 8 to < 10       |     0 |
| >= 10 to < 12      |     0 |
| >= 12 to < 14      |     0 |
| >= 14 to < 16      |     1 |
| >= 16              |     7 |
+--------------------+-------+
* Control sets can be remapped at either synth_design or opt_design


3. Flip-Flop Distribution
-------------------------

+--------------+-----------------------+------------------------+-----------------+--------------+
| Clock Enable | Synchronous Set/Reset | Asynchronous Set/Reset | Total Registers | Total Slices |
+--------------+-----------------------+------------------------+-----------------+--------------+
| No           | No                    | No                     |              16 |           11 |
| No           | No                    | Yes                    |               0 |            0 |
| No           | Yes                   | No                     |             273 |          138 |
| Yes          | No                    | No                     |               0 |            0 |
| Yes          | No                    | Yes                    |               0 |            0 |
| Yes          | Yes                   | No                     |              68 |           19 |
+--------------+-----------------------+------------------------+-----------------+--------------+


4. Detailed Control Set Information
-----------------------------------

+-----------------------------+--------------------------------------------------------------------------------------------+------------------------+------------------+----------------+
|         Clock Signal        |                                        Enable Signal                                       |    Set/Reset Signal    | Slice Load Count | Bel Load Count |
+-----------------------------+--------------------------------------------------------------------------------------------+------------------------+------------------+----------------+
|  pll.clk_pll/inst/cpu_clk   | cpu/u_regfile/write_led_rg0                                                                | u_confreg/SR[0]        |                1 |              1 |
|  pll.clk_pll/inst/cpu_clk   | cpu/u_regfile/write_led_rg1                                                                | u_confreg/SR[0]        |                1 |              1 |
|  pll.clk_pll/inst/cpu_clk   | u_confreg/step1_sample                                                                     | u_confreg/SR[0]        |                1 |              1 |
|  pll.clk_pll/inst/cpu_clk   |                                                                                            | u_confreg/state_count0 |                1 |              4 |
|  pll.clk_pll/inst/cpu_clk   | data_ram/U0/synth_options.dist_mem_inst/gen_sp_ram.spram_inst/ram_reg_0_255_0_0_i_1_n_0    |                        |                1 |              4 |
|  pll.clk_pll/inst/cpu_clk   | data_ram/U0/synth_options.dist_mem_inst/gen_sp_ram.spram_inst/ram_reg_512_767_0_0_i_1_n_0  |                        |                1 |              4 |
|  pll.clk_pll/inst/cpu_clk   | data_ram/U0/synth_options.dist_mem_inst/gen_sp_ram.spram_inst/ram_reg_256_511_0_0_i_1_n_0  |                        |                1 |              4 |
|  pll.clk_pll/inst/cpu_clk   | data_ram/U0/synth_options.dist_mem_inst/gen_sp_ram.spram_inst/ram_reg_768_1023_0_0_i_1_n_0 |                        |                1 |              4 |
|  pll.clk_pll/inst/cpu_clk   | u_confreg/p_0_in_0                                                                         | u_confreg/SR[0]        |                2 |              6 |
|  pll.clk_pll/inst/timer_clk |                                                                                            |                        |                3 |              6 |
|  pll.clk_pll/inst/cpu_clk   | cpu/u_regfile/write_led                                                                    | u_confreg/SR[0]        |                3 |             15 |
|  pll.clk_pll/inst/cpu_clk   |                                                                                            | u_confreg/key_count0   |                5 |             20 |
|  pll.clk_pll/inst/cpu_clk   |                                                                                            | u_confreg/step1_count0 |                5 |             20 |
|  pll.clk_pll/inst/cpu_clk   | cpu/u_regfile/rf_we                                                                        |                        |                4 |             32 |
|  pll.clk_pll/inst/cpu_clk   | cpu/u_regfile/E[0]                                                                         | u_confreg/SR[0]        |               11 |             44 |
|  pll.clk_pll/inst/cpu_clk   |                                                                                            | u_confreg/SR[0]        |               21 |             55 |
|  pll.clk_pll/inst/cpu_clk   |                                                                                            | cpu/reset              |              106 |            174 |
|  pll.clk_pll/inst/cpu_clk   |                                                                                            |                        |             4104 |          16394 |
+-----------------------------+--------------------------------------------------------------------------------------------+------------------------+------------------+----------------+


